#-----------------------------------------------------------
# Vivado v2015.2 (64-bit)
# SW Build 1266856 on Fri Jun 26 16:35:25 MDT 2015
# IP Build 1264090 on Wed Jun 24 14:22:01 MDT 2015
# Start of session at: Wed Nov 18 15:54:40 2015
# Process ID: 5048
# Log file: H:/EECS_645/HW09_source_files/07_MIPS_Single_Cycle/mips_single_cycle_proj/vivado.log
# Journal file: H:/EECS_645/HW09_source_files/07_MIPS_Single_Cycle/mips_single_cycle_proj\vivado.jou
#-----------------------------------------------------------
start_gui
open_project H:/EECS_645/HW09_source_files/07_MIPS_Single_Cycle/mips_single_cycle_proj/mips_single_cycle_proj.xpr
launch_simulation
launch_simulation
launch_simulation
launch_simulation
launch_simulation
launch_simulation
open_wave_config H:/EECS_645/HW09_source_files/07_MIPS_Single_Cycle/mips_single_cycle_proj/mips_single_cycle_tb_behav.wcfg
source mips_single_cycle_tb.tcl
close_sim
launch_simulation
open_wave_config H:/EECS_645/HW09_source_files/07_MIPS_Single_Cycle/mips_single_cycle_proj/mips_single_cycle_tb_behav.wcfg
source mips_single_cycle_tb.tcl
save_wave_config {H:/EECS_645/HW09_source_files/07_MIPS_Single_Cycle/mips_single_cycle_proj/mips_single_cycle_tb_behav.wcfg}
close_sim
launch_simulation
open_wave_config H:/EECS_645/HW09_source_files/07_MIPS_Single_Cycle/mips_single_cycle_proj/mips_single_cycle_tb_behav.wcfg
source mips_single_cycle_tb.tcl
close_sim
set_property -name {xsim.simulate.runtime} -value {250ns} -objects [current_fileset -simset]
launch_simulation
open_wave_config H:/EECS_645/HW09_source_files/07_MIPS_Single_Cycle/mips_single_cycle_proj/mips_single_cycle_tb_behav.wcfg
source mips_single_cycle_tb.tcl
close_sim
launch_simulation
open_wave_config H:/EECS_645/HW09_source_files/07_MIPS_Single_Cycle/mips_single_cycle_proj/mips_single_cycle_tb_behav.wcfg
source mips_single_cycle_tb.tcl
restart
run all
close_sim
launch_simulation
open_wave_config H:/EECS_645/HW09_source_files/07_MIPS_Single_Cycle/mips_single_cycle_proj/mips_single_cycle_tb_behav.wcfg
source mips_single_cycle_tb.tcl
close_sim
launch_simulation
open_wave_config H:/EECS_645/HW09_source_files/07_MIPS_Single_Cycle/mips_single_cycle_proj/mips_single_cycle_tb_behav.wcfg
source mips_single_cycle_tb.tcl
close_sim
